#
# cutty US english keyboard mapping
#

# regular keys
space                                    -> emit " ";
apostrophe                               -> emit "'";
comma                                    -> emit ",";
minus                                    -> emit "-";
period                                   -> emit ".";
slash                                    -> emit "/";
digit_0                                  -> emit "0";
digit_1                                  -> emit "1";
digit_2                                  -> emit "2";
digit_3                                  -> emit "3";
digit_4                                  -> emit "4";
digit_5                                  -> emit "5";
digit_6                                  -> emit "6";
digit_7                                  -> emit "7";
digit_8                                  -> emit "8";
digit_9                                  -> emit "9";
semicolon                                -> emit ";";
equal                                    -> emit "=";
left_bracket                             -> emit "[";
backslash                                -> emit "\\";
right_bracket                            -> emit "]";
grave_accent                             -> emit "`";
roman_a                                  -> emit "a";
roman_b                                  -> emit "b";
roman_c                                  -> emit "c";
roman_d                                  -> emit "d";
roman_e                                  -> emit "e";
roman_f                                  -> emit "f";
roman_g                                  -> emit "g";
roman_h                                  -> emit "h";
roman_i                                  -> emit "i";
roman_j                                  -> emit "j";
roman_k                                  -> emit "k";
roman_l                                  -> emit "l";
roman_m                                  -> emit "m";
roman_n                                  -> emit "n";
roman_o                                  -> emit "o";
roman_p                                  -> emit "p";
roman_q                                  -> emit "q";
roman_r                                  -> emit "r";
roman_s                                  -> emit "s";
roman_t                                  -> emit "t";
roman_u                                  -> emit "u";
roman_v                                  -> emit "v";
roman_w                                  -> emit "w";
roman_x                                  -> emit "x";
roman_y                                  -> emit "y";
roman_z                                  -> emit "z";

# regular keys shifted
shift + apostrophe                       -> emit "\"";
shift + comma                            -> emit "<";
shift + minus                            -> emit "_";
shift + period                           -> emit ">";
shift + slash                            -> emit "?";
shift + semicolon                        -> emit ":";
shift + equal                            -> emit "+";
shift + digit_1                          -> emit "!";
shift + digit_2                          -> emit "@";
shift + digit_3                          -> emit "#";
shift + digit_4                          -> emit "$";
shift + digit_5                          -> emit "%";
shift + digit_6                          -> emit "^";
shift + digit_7                          -> emit "&";
shift + digit_8                          -> emit "*";
shift + digit_9                          -> emit "(";
shift + digit_0                          -> emit ")";
shift + left_bracket                     -> emit "{";
shift + backslash                        -> emit "|";
shift + right_bracket                    -> emit "}";
shift + grave_accent                     -> emit "~";
shift + roman_a                          -> emit "A";
shift + roman_b                          -> emit "B";
shift + roman_c                          -> emit "C";
shift + roman_d                          -> emit "D";
shift + roman_e                          -> emit "E";
shift + roman_f                          -> emit "F";
shift + roman_g                          -> emit "G";
shift + roman_h                          -> emit "H";
shift + roman_i                          -> emit "I";
shift + roman_j                          -> emit "J";
shift + roman_k                          -> emit "K";
shift + roman_l                          -> emit "L";
shift + roman_m                          -> emit "M";
shift + roman_n                          -> emit "N";
shift + roman_o                          -> emit "O";
shift + roman_p                          -> emit "P";
shift + roman_q                          -> emit "Q";
shift + roman_r                          -> emit "R";
shift + roman_s                          -> emit "S";
shift + roman_t                          -> emit "T";
shift + roman_u                          -> emit "U";
shift + roman_v                          -> emit "V";
shift + roman_w                          -> emit "W";
shift + roman_x                          -> emit "X";
shift + roman_y                          -> emit "Y";
shift + roman_z                          -> emit "Z";

# control characters
ctrl + space                             -> emit NUL;
ctrl + roman_a                           -> emit SOH;
ctrl + roman_b                           -> emit STX;
ctrl + roman_c                           -> emit ETX;
ctrl + roman_d                           -> emit EOT;
ctrl + roman_e                           -> emit ENQ;
ctrl + roman_f                           -> emit ACK;
ctrl + roman_g                           -> emit BEL;
ctrl + roman_h                           -> emit BS;
ctrl + roman_i                           -> emit HT;
ctrl + roman_j                           -> emit LF;
ctrl + roman_k                           -> emit VT;
ctrl + roman_l                           -> emit FF;
ctrl + roman_m                           -> emit CR;
ctrl + roman_n                           -> emit SO;
ctrl + roman_o                           -> emit SI;
ctrl + roman_p                           -> emit DLE;
ctrl + roman_q                           -> emit DC1;
ctrl + roman_r                           -> emit DC2;
ctrl + roman_s                           -> emit DC3;
ctrl + roman_t                           -> emit DC4;
ctrl + roman_u                           -> emit NAK;
ctrl + roman_v                           -> emit SYN;
ctrl + roman_w                           -> emit ETB;
ctrl + roman_x                           -> emit CAN;
ctrl + roman_y                           -> emit EM;
ctrl + roman_z                           -> emit SUB;
ctrl + left_bracket                      -> emit ESC;
ctrl + backslash                         -> emit FS;
ctrl + right_bracket                     -> emit GS;
ctrl + backspace                         -> emit BS;

# special keys
escape                                   -> emit ESC;
enter                                    -> emit LF;
tab                                      -> emit HT;
backarrow_sends_delete=0 backspace       -> emit BS;
backarrow_sends_delete=1 backspace       -> emit DEL;
insert                                   -> emit CSI "2~";
delete                                   -> emit CSI "3~";
page_up                                  -> emit CSI "5~";
page_down                                -> emit CSI "6~";
app_cursor_keys=0 up                     -> emit CSI "A";
app_cursor_keys=0 down                   -> emit CSI "B";
app_cursor_keys=0 right                  -> emit CSI "C";
app_cursor_keys=0 left                   -> emit CSI "D";
app_cursor_keys=0 home                   -> emit CSI "H";
app_cursor_keys=0 end                    -> emit CSI "F";
app_cursor_keys=0 f1                     -> emit CSI "P";
app_cursor_keys=0 f2                     -> emit CSI "Q";
app_cursor_keys=0 f3                     -> emit CSI "R";
app_cursor_keys=0 f4                     -> emit CSI "S";
app_cursor_keys=1 up                     -> emit SS3 "A";
app_cursor_keys=1 down                   -> emit SS3 "B";
app_cursor_keys=1 right                  -> emit SS3 "C";
app_cursor_keys=1 left                   -> emit SS3 "D";
app_cursor_keys=1 home                   -> emit SS3 "H";
app_cursor_keys=1 end                    -> emit SS3 "F";
app_cursor_keys=1 f1                     -> emit SS3 "P";
app_cursor_keys=1 f2                     -> emit SS3 "Q";
app_cursor_keys=1 f3                     -> emit SS3 "R";
app_cursor_keys=1 f4                     -> emit SS3 "S";
f5                                       -> emit CSI "15~";
f6                                       -> emit CSI "17~";
f7                                       -> emit CSI "18~";
f8                                       -> emit CSI "19~";
f9                                       -> emit CSI "20~";
f10                                      -> emit CSI "21~";
f11                                      -> emit CSI "23~";
f12                                      -> emit CSI "24~";

# special keys shifted
shift + insert                           -> emit CSI "2;2~";
shift + delete                           -> emit CSI "3;2~";
shift + page_up                          -> emit CSI "5;2~";
shift + page_down                        -> emit CSI "6;2~";
shift + up                               -> emit CSI "1;2A";
shift + down                             -> emit CSI "1;2B";
shift + right                            -> emit CSI "1;2C";
shift + left                             -> emit CSI "1;2D";
shift + home                             -> emit CSI "1;2H";
shift + end                              -> emit CSI "1;2F";
shift + f1                               -> emit CSI "1;2P";
shift + f2                               -> emit CSI "1;2Q";
shift + f3                               -> emit CSI "1;2R";
shift + f4                               -> emit CSI "1;2S";
shift + f5                               -> emit CSI "15;2~";
shift + f6                               -> emit CSI "17;2~";
shift + f7                               -> emit CSI "18;2~";
shift + f8                               -> emit CSI "19;2~";
shift + f9                               -> emit CSI "20;2~";
shift + f10                              -> emit CSI "21;2~";
shift + f11                              -> emit CSI "23;2~";
shift + f12                              -> emit CSI "24;2~";

# internal
ctrl_cmd + roman_c                       -> copy;
ctrl_cmd + roman_v                       -> paste;
